 Abaqus/Standard 3DEXPERIENCE R2018x                  DATE 01-дCды-2026 TIME 00:54:24
 SUMMARY OF JOB INFORMATION:
 STEP  INC ATT SEVERE EQUIL TOTAL  TOTAL      STEP       INC OF       DOF    IF
               DISCON ITERS ITERS  TIME/    TIME/LPF    TIME/LPF    MONITOR RIKS
               ITERS               FREQ
   1     1   1    15     1    16  0.0100     0.0100     0.01000   
   1     2   1     4     1     5  0.0200     0.0200     0.01000   
   1     3   1     7     1     8  0.0350     0.0350     0.01500   
   1     4   1     7     1     8  0.0575     0.0575     0.02250   
   1     5   1     9     1    10  0.0912     0.0912     0.03375   
   1     6   1     7     1     8  0.142      0.142      0.05063   
   1     7   1     5     1     6  0.218      0.218      0.07594   
   1     8   1     3     1     4  0.318      0.318      0.1000    
   1     9   1     2     1     3  0.418      0.418      0.1000    
   1    10   1     2     1     3  0.518      0.518      0.1000    
   1    11   1     1     2     3  0.618      0.618      0.1000    
   1    12   1     2     1     3  0.718      0.718      0.1000    
   1    13   1     2     1     3  0.818      0.818      0.1000    
   1    14   1     2     1     3  0.918      0.918      0.1000    
   1    15   1     2     1     3  1.00       1.00       0.08219   
                          
 THE ANALYSIS HAS COMPLETED SUCCESSFULLY
