 Abaqus/Standard 3DEXPERIENCE R2018x                  DATE 01-дCды-2026 TIME 00:11:47
 SUMMARY OF JOB INFORMATION:
 STEP  INC ATT SEVERE EQUIL TOTAL  TOTAL      STEP       INC OF       DOF    IF
               DISCON ITERS ITERS  TIME/    TIME/LPF    TIME/LPF    MONITOR RIKS
               ITERS               FREQ
   1     1   1    19     1    20  0.0100     0.0100     0.01000   
   1     2   1     1     1     2  0.0175     0.0175     0.007500  
   1     3   1     0     1     1  0.0250     0.0250     0.007500  
   1     4   1     7     1     8  0.0363     0.0363     0.01125   
   1     5   1     5     1     6  0.0531     0.0531     0.01688   
   1     6   1    10     0    10  0.0784     0.0784     0.02531   
   1     7   1     9     1    10  0.116      0.116      0.03797   
   1     8   1     7     1     8  0.173      0.173      0.05695   
   1     9   1     7     1     8  0.259      0.259      0.08543   
   1    10   1     4     1     5  0.359      0.359      0.1000    
   1    11   1     3     1     4  0.459      0.459      0.1000    
   1    12   1     2     1     3  0.559      0.559      0.1000    
   1    13   1     2     1     3  0.659      0.659      0.1000    
   1    14   1     1     2     3  0.759      0.759      0.1000    
   1    15   1     1     1     2  0.859      0.859      0.1000    
   1    16   1     1     1     2  0.959      0.959      0.1000    
   1    17   1     1     1     2  1.00       1.00       0.04121   
                          
 THE ANALYSIS HAS COMPLETED SUCCESSFULLY
