 Abaqus/Standard 3DEXPERIENCE R2018x                  DATE 19-днды-2026 TIME 19:30:03
 SUMMARY OF JOB INFORMATION:
 STEP  INC ATT SEVERE EQUIL TOTAL  TOTAL      STEP       INC OF       DOF    IF
               DISCON ITERS ITERS  TIME/    TIME/LPF    TIME/LPF    MONITOR RIKS
               ITERS               FREQ
   1     1   1     0     1     1  0.0100     0.0100     0.01000   
   1     2   1     0     1     1  0.0200     0.0200     0.01000   
   1     3   1     0     1     1  0.0350     0.0350     0.01500   
   1     4   1     0     1     1  0.0575     0.0575     0.02250   
   1     5   1     0     1     1  0.0912     0.0912     0.03375   
   1     6   1     0     1     1  0.142      0.142      0.05063   
   1     7   1     0     1     1  0.218      0.218      0.07594   
   1     8   1     0     1     1  0.318      0.318      0.1000    
   1     9   1     0     1     1  0.418      0.418      0.1000    
   1    10   1     0     1     1  0.518      0.518      0.1000    
   1    11   1     0     1     1  0.618      0.618      0.1000    
   1    12   1     0     1     1  0.718      0.718      0.1000    
   1    13   1     0     1     1  0.818      0.818      0.1000    
   1    14   1U    4     1     5  0.818      0.818      0.1000    
   1    14   2     0     1     1  0.843      0.843      0.02500   
   1    15   1     0     1     1  0.880      0.880      0.03750   
   1    16   1U    3     1     4  0.880      0.880      0.05625   
   1    16   2     0     1     1  0.894      0.894      0.01406   
   1    17   1U    5     1     6  0.894      0.894      0.02109   
   1    17   2     0     1     1  0.900      0.900      0.005273  
   1    18   1     0     1     1  0.908      0.908      0.007910  
   1    19   1U    4     1     5  0.908      0.908      0.01187   
   1    19   2U    8     0     8  0.908      0.908      0.002966  
   1    19   3     0     1     1  0.908      0.908      0.0007416 
   1    20   1    16     1    17  0.909      0.909      0.001112  
   1    21   1     8     1     9  0.910      0.910      0.0008343 
   1    22   1     2     1     3  0.911      0.911      0.0008343 
   1    23   1     2     2     4  0.912      0.912      0.001251  
   1    24   1     1     2     3  0.914      0.914      0.001877  
   1    25   1     2     1     3  0.917      0.917      0.002816  
   1    26   1U    2     1     3  0.917      0.917      0.004224  
   1    26   2     1     3     4  0.918      0.918      0.001056  
   1    27   1     2     4     6  0.920      0.920      0.001584  
   1    28   1     2     4     6  0.922      0.922      0.002376  
   1    29   1     1     6     7  0.926      0.926      0.003564  
   1    30   1     1     2     3  0.929      0.929      0.003564  
   1    31   1     1     2     3  0.933      0.933      0.003564  
   1    32   1     1     2     3  0.938      0.938      0.005345  
   1    33   1U    4     1     5  0.938      0.938      0.008018  
   1    33   2     0     3     3  0.940      0.940      0.002005  
   1    34   1     0     4     4  0.943      0.943      0.003007  
   1    35   1     0     5     5  0.948      0.948      0.004510  
   1    36   1     0     3     3  0.952      0.952      0.004510  
   1    37   1     0     3     3  0.957      0.957      0.004510  
   1    38   1     0     3     3  0.963      0.963      0.006765  
   1    39   1     1     2     3  0.974      0.974      0.01015   
   1    40   1U    2     2     4  0.974      0.974      0.01522   
   1    40   2     0     2     2  0.977      0.977      0.003805  
   1    41   1     0     3     3  0.983      0.983      0.005708  
   1    42   1     0     6     6  0.992      0.992      0.008562  
   1    43   1     1     4     5  1.00       1.00       0.008392  
                          
 THE ANALYSIS HAS COMPLETED SUCCESSFULLY
